.next/dev/types/validator.ts(125,39): error TS2307: Cannot find module '../../../src/app/course/new/page.js' or its corresponding type declarations.
.next/dev/types/validator.ts(143,39): error TS2307: Cannot find module '../../../src/app/learn/[courseId]/[topicId]/[subtopicId]/page.js' or its corresponding type declarations.
.next/types/validator.ts(125,39): error TS2307: Cannot find module '../../src/app/course/new/page.js' or its corresponding type declarations.
.next/types/validator.ts(143,39): error TS2307: Cannot find module '../../src/app/learn/[courseId]/[topicId]/[subtopicId]/page.js' or its corresponding type declarations.
src/app/(dashboard)/courses/page.tsx(5,10): error TS2614: Module '"@/components/ui/NbCard"' has no exported member 'NbCard'. Did you mean to use 'import NbCard from "@/components/ui/NbCard"' instead?
src/app/(dashboard)/courses/page.tsx(66,40): error TS2339: Property 'description' does not exist on type 'Course'.
src/app/(dashboard)/courses/page.tsx(68,43): error TS2339: Property 'totalSubtopics' does not exist on type 'Course'.
src/app/(dashboard)/layout.tsx(6,10): error TS2614: Module '"@/components/layout/Navbar"' has no exported member 'Navbar'. Did you mean to use 'import Navbar from "@/components/layout/Navbar"' instead?
src/app/(dashboard)/leaderboard/page.tsx(5,10): error TS2614: Module '"@/components/ui/NbCard"' has no exported member 'NbCard'. Did you mean to use 'import NbCard from "@/components/ui/NbCard"' instead?
src/app/(dashboard)/leaderboard/page.tsx(7,10): error TS2305: Module '"@/lib/utils"' has no exported member 'formatXP'.
src/app/(dashboard)/profile/page.tsx(5,10): error TS2614: Module '"@/components/ui/NbCard"' has no exported member 'NbCard'. Did you mean to use 'import NbCard from "@/components/ui/NbCard"' instead?
src/app/(dashboard)/profile/page.tsx(8,10): error TS2305: Module '"@/lib/utils"' has no exported member 'formatXP'.
src/app/(dashboard)/profile/page.tsx(8,20): error TS2305: Module '"@/lib/utils"' has no exported member 'calculateLevelProgress'.
src/app/(dashboard)/profile/page.tsx(10,10): error TS2305: Module '"@/types/gamification"' has no exported member 'BADGE_DEFINITIONS'.
src/app/(dashboard)/profile/page.tsx(87,72): error TS18046: 'badge' is of type 'unknown'.
src/app/(dashboard)/profile/page.tsx(89,28): error TS18046: 'badge' is of type 'unknown'.
src/app/(dashboard)/profile/page.tsx(90,40): error TS18046: 'badge' is of type 'unknown'.
src/app/(dashboard)/profile/page.tsx(94,80): error TS18046: 'badge' is of type 'unknown'.
src/app/(dashboard)/profile/page.tsx(95,74): error TS18046: 'badge' is of type 'unknown'.
src/app/(dashboard)/settings/page.tsx(5,10): error TS2614: Module '"@/components/ui/NbCard"' has no exported member 'NbCard'. Did you mean to use 'import NbCard from "@/components/ui/NbCard"' instead?
src/app/(dashboard)/settings/page.tsx(6,10): error TS2614: Module '"@/components/ui/NbButton"' has no exported member 'NbButton'. Did you mean to use 'import NbButton from "@/components/ui/NbButton"' instead?
src/app/api/ocr-process/route.ts(2,10): error TS2305: Module '"@/utils/validate"' has no exported member 'ocrProcessSchema'.
src/app/settings/page.tsx(102,46): error TS2345: Argument of type 'string' is not assignable to parameter of type 'SetStateAction<"english" | "hindi" | "telugu" | "tamil" | "kannada">'.
src/components/course/CourseCard.tsx(5,10): error TS2614: Module '"@/components/ui/NbCard"' has no exported member 'NbCard'. Did you mean to use 'import NbCard from "@/components/ui/NbCard"' instead?
src/components/course/CourseCard.tsx(6,10): error TS2614: Module '"@/components/ui/NbButton"' has no exported member 'NbButton'. Did you mean to use 'import NbButton from "@/components/ui/NbButton"' instead?
src/components/learning/ExplanationCard.tsx(5,10): error TS2614: Module '"@/components/ui/NbCard"' has no exported member 'NbCard'. Did you mean to use 'import NbCard from "@/components/ui/NbCard"' instead?
src/components/learning/ExplanationCard.tsx(6,10): error TS2614: Module '"@/components/ui/NbButton"' has no exported member 'NbButton'. Did you mean to use 'import NbButton from "@/components/ui/NbButton"' instead?
src/components/learning/ExplanationCard.tsx(19,36): error TS2339: Property 'technical_explanation' does not exist on type 'Explanation'.
src/components/learning/ExplanationCard.tsx(20,19): error TS2339: Property 'technical_explanation' does not exist on type 'Explanation'.
src/components/learning/ExplanationCard.tsx(20,62): error TS7006: Parameter 's' implicitly has an 'any' type.
src/components/learning/ExplanationCard.tsx(21,33): error TS2339: Property 'technical_explanation' does not exist on type 'Explanation'.
src/components/learning/ExplanationCard.tsx(21,70): error TS2339: Property 'technical_explanation' does not exist on type 'Explanation'.
src/components/learning/ExplanationCard.tsx(65,77): error TS2551: Property 'sceneElement' does not exist on type 'AnalogyMapping'. Did you mean 'scene_element'?
src/components/learning/QuizModal.tsx(5,10): error TS2614: Module '"@/components/ui/NbButton"' has no exported member 'NbButton'. Did you mean to use 'import NbButton from "@/components/ui/NbButton"' instead?
src/components/learning/SceneExplainer.tsx(59,60): error TS2322: Type '{ children: Element[]; variant: "solar"; className: string; style: { borderLeftColor: string; }; }' is not assignable to type 'IntrinsicAttributes & NbCardProps & RefAttributes<HTMLDivElement>'.
  Property 'style' does not exist on type 'IntrinsicAttributes & NbCardProps & RefAttributes<HTMLDivElement>'.
src/components/learning/StoryboardViewer.tsx(4,10): error TS2614: Module '"@/components/ui/NbButton"' has no exported member 'NbButton'. Did you mean to use 'import NbButton from "@/components/ui/NbButton"' instead?
src/components/ui/BadgeIcon.tsx(2,10): error TS2305: Module '"@/types/gamification"' has no exported member 'BADGE_DEFINITIONS'.
src/components/ui/BadgeIcon.tsx(13,65): error TS18046: 'b' is of type 'unknown'.
src/components/ui/BadgeIcon.tsx(36,26): error TS2339: Property 'name' does not exist on type '{}'.
src/components/ui/BadgeIcon.tsx(36,45): error TS2339: Property 'description' does not exist on type '{}'.
src/components/ui/BadgeIcon.tsx(38,50): error TS2339: Property 'icon' does not exist on type '{}'.
